/// version = 0.1
/// title = "nNGM: nNGM_Mapping_Molekularpathologie_checkboxesCTS - FHIR to CTS"

map "http://uk-koeln.de/fhir/StructureMap/nNGM_Mapping_Molekularpathologie_checkboxesCTS" = nNGM_Mapping_Molekularpathologie_checkboxesCTS

uses "http://hl7.org/fhir/StructureDefinition/Bundle" as source
uses "http://hl7.org/fhir/StructureDefinition/CTS_Transport" as target

group TransformMolekularpathologieCheckboxes(source src: Bundle, target tgt: BackboneElement)
{
    src.entry as entry then
    {
        entry.resource as observation where "resource is Observation 
                                            and resource.code.coding.code = 'MET'
                                            and resource.category.coding.where(system = \'http://uk-koeln.de/fhir/ValueSet/obs-methods\').code = 'FISH'" then
        {
            observation -> tgt.data as data collate then
            {
                observation.status as status where "%tgt.data.where(itemid = 'id_2510').exists().not()" then
                {
                    observation -> data.blockindex = 2;
                    observation -> data.groupindex = 0;
                    observation -> data.repeatindex = 0;
                    observation -> data.itemid = 'id_2510';
                };
                observation -> data.values as values, values.value = 'MET';
            };
        };

        entry.resource as observation where "resource is Observation 
                                            and resource.code.coding.code = 'RET'
                                            and resource.category.coding.where(system = \'http://uk-koeln.de/fhir/ValueSet/obs-methods\').code = 'FISH'" then
        {
            observation -> tgt.data as data collate then
            {
                observation.status as status where "%tgt.data.where(itemid = 'id_2510').exists().not()" then
                {
                    observation -> data.blockindex = 2;
                    observation -> data.groupindex = 0;
                    observation -> data.repeatindex = 0;
                    observation -> data.itemid = 'id_2510';
                };
                observation -> data.values as values, values.value = 'RET';
            };
        };
    };
}